Archive member included to satisfy reference by file (symbol)

C:/Users/acer/AppData/Local/UnityMbed/tools/arm-none-eabi/bin/../lib/gcc/arm-none-eabi/14.2.1/thumb/v6-m/nofp\libgcc.a(_udivsi3.o)
                              build/src/system_n32g031.o (__aeabi_uidiv)
C:/Users/acer/AppData/Local/UnityMbed/tools/arm-none-eabi/bin/../lib/gcc/arm-none-eabi/14.2.1/thumb/v6-m/nofp\libgcc.a(_divsi3.o)
                              build/drivers/src/n32g031_i2c.o (__aeabi_idiv)
C:/Users/acer/AppData/Local/UnityMbed/tools/arm-none-eabi/bin/../lib/gcc/arm-none-eabi/14.2.1/thumb/v6-m/nofp\libgcc.a(_dvmd_tls.o)
                              C:/Users/acer/AppData/Local/UnityMbed/tools/arm-none-eabi/bin/../lib/gcc/arm-none-eabi/14.2.1/thumb/v6-m/nofp\libgcc.a(_udivsi3.o) (__aeabi_idiv0)
C:/Users/acer/AppData/Local/UnityMbed/tools/arm-none-eabi/bin/../lib/gcc/arm-none-eabi/14.2.1/../../../../arm-none-eabi/lib/thumb/v6-m/nofp\libc.a(libc_a-atexit.o)
                              C:/Users/acer/AppData/Local/UnityMbed/tools/arm-none-eabi/bin/../lib/gcc/arm-none-eabi/14.2.1/../../../../arm-none-eabi/lib/thumb/v6-m/nofp/crt0.o (atexit)
C:/Users/acer/AppData/Local/UnityMbed/tools/arm-none-eabi/bin/../lib/gcc/arm-none-eabi/14.2.1/../../../../arm-none-eabi/lib/thumb/v6-m/nofp\libc.a(libc_a-exit.o)
                              C:/Users/acer/AppData/Local/UnityMbed/tools/arm-none-eabi/bin/../lib/gcc/arm-none-eabi/14.2.1/../../../../arm-none-eabi/lib/thumb/v6-m/nofp/crt0.o (exit)
C:/Users/acer/AppData/Local/UnityMbed/tools/arm-none-eabi/bin/../lib/gcc/arm-none-eabi/14.2.1/../../../../arm-none-eabi/lib/thumb/v6-m/nofp\libc.a(libc_a-findfp.o)
                              C:/Users/acer/AppData/Local/UnityMbed/tools/arm-none-eabi/bin/../lib/gcc/arm-none-eabi/14.2.1/../../../../arm-none-eabi/lib/thumb/v6-m/nofp\libc.a(libc_a-exit.o) (__stdio_exit_handler)
C:/Users/acer/AppData/Local/UnityMbed/tools/arm-none-eabi/bin/../lib/gcc/arm-none-eabi/14.2.1/../../../../arm-none-eabi/lib/thumb/v6-m/nofp\libc.a(libc_a-fwalk.o)
                              C:/Users/acer/AppData/Local/UnityMbed/tools/arm-none-eabi/bin/../lib/gcc/arm-none-eabi/14.2.1/../../../../arm-none-eabi/lib/thumb/v6-m/nofp\libc.a(libc_a-findfp.o) (_fwalk_sglue)
C:/Users/acer/AppData/Local/UnityMbed/tools/arm-none-eabi/bin/../lib/gcc/arm-none-eabi/14.2.1/../../../../arm-none-eabi/lib/thumb/v6-m/nofp\libc.a(libc_a-stdio.o)
                              C:/Users/acer/AppData/Local/UnityMbed/tools/arm-none-eabi/bin/../lib/gcc/arm-none-eabi/14.2.1/../../../../arm-none-eabi/lib/thumb/v6-m/nofp\libc.a(libc_a-findfp.o) (__sread)
C:/Users/acer/AppData/Local/UnityMbed/tools/arm-none-eabi/bin/../lib/gcc/arm-none-eabi/14.2.1/../../../../arm-none-eabi/lib/thumb/v6-m/nofp\libc.a(libc_a-memset.o)
                              C:/Users/acer/AppData/Local/UnityMbed/tools/arm-none-eabi/bin/../lib/gcc/arm-none-eabi/14.2.1/../../../../arm-none-eabi/lib/thumb/v6-m/nofp/crt0.o (memset)
C:/Users/acer/AppData/Local/UnityMbed/tools/arm-none-eabi/bin/../lib/gcc/arm-none-eabi/14.2.1/../../../../arm-none-eabi/lib/thumb/v6-m/nofp\libc.a(libc_a-closer.o)
                              C:/Users/acer/AppData/Local/UnityMbed/tools/arm-none-eabi/bin/../lib/gcc/arm-none-eabi/14.2.1/../../../../arm-none-eabi/lib/thumb/v6-m/nofp\libc.a(libc_a-stdio.o) (_close_r)
C:/Users/acer/AppData/Local/UnityMbed/tools/arm-none-eabi/bin/../lib/gcc/arm-none-eabi/14.2.1/../../../../arm-none-eabi/lib/thumb/v6-m/nofp\libc.a(libc_a-reent.o)
                              C:/Users/acer/AppData/Local/UnityMbed/tools/arm-none-eabi/bin/../lib/gcc/arm-none-eabi/14.2.1/../../../../arm-none-eabi/lib/thumb/v6-m/nofp\libc.a(libc_a-closer.o) (errno)
C:/Users/acer/AppData/Local/UnityMbed/tools/arm-none-eabi/bin/../lib/gcc/arm-none-eabi/14.2.1/../../../../arm-none-eabi/lib/thumb/v6-m/nofp\libc.a(libc_a-impure.o)
                              C:/Users/acer/AppData/Local/UnityMbed/tools/arm-none-eabi/bin/../lib/gcc/arm-none-eabi/14.2.1/../../../../arm-none-eabi/lib/thumb/v6-m/nofp\libc.a(libc_a-reent.o) (_impure_ptr)
C:/Users/acer/AppData/Local/UnityMbed/tools/arm-none-eabi/bin/../lib/gcc/arm-none-eabi/14.2.1/../../../../arm-none-eabi/lib/thumb/v6-m/nofp\libc.a(libc_a-lseekr.o)
                              C:/Users/acer/AppData/Local/UnityMbed/tools/arm-none-eabi/bin/../lib/gcc/arm-none-eabi/14.2.1/../../../../arm-none-eabi/lib/thumb/v6-m/nofp\libc.a(libc_a-stdio.o) (_lseek_r)
C:/Users/acer/AppData/Local/UnityMbed/tools/arm-none-eabi/bin/../lib/gcc/arm-none-eabi/14.2.1/../../../../arm-none-eabi/lib/thumb/v6-m/nofp\libc.a(libc_a-readr.o)
                              C:/Users/acer/AppData/Local/UnityMbed/tools/arm-none-eabi/bin/../lib/gcc/arm-none-eabi/14.2.1/../../../../arm-none-eabi/lib/thumb/v6-m/nofp\libc.a(libc_a-stdio.o) (_read_r)
C:/Users/acer/AppData/Local/UnityMbed/tools/arm-none-eabi/bin/../lib/gcc/arm-none-eabi/14.2.1/../../../../arm-none-eabi/lib/thumb/v6-m/nofp\libc.a(libc_a-writer.o)
[...]
Memory Configuration

Name             Origin             Length             Attributes
RAM              0x20000000         0x00002000         xrw
FLASH            0x08000000         0x00010000         xr
*default*        0x00000000         0xffffffff

Linker script and memory map

LOAD C:/Users/acer/AppData/Local/UnityMbed/tools/arm-none-eabi/bin/../lib/gcc/arm-none-eabi/14.2.1/thumb/v6-m/nofp/crti.o
LOAD C:/Users/acer/AppData/Local/UnityMbed/tools/arm-none-eabi/bin/../lib/gcc/arm-none-eabi/14.2.1/thumb/v6-m/nofp/crtbegin.o
LOAD C:/Users/acer/AppData/Local/UnityMbed/tools/arm-none-eabi/bin/../lib/gcc/arm-none-eabi/14.2.1/../../../../arm-none-eabi/lib/thumb/v6-m/nofp/crt0.o
LOAD build/src/main.o
LOAD build/src/misc.o
LOAD build/src/n32g031_it.o
LOAD build/src/system_n32g031.o
LOAD build/src/utils.o
LOAD build/drivers/src/debug_uart.o
LOAD build/drivers/src/n32g031_adc.o
LOAD build/drivers/src/n32g031_beeper.o
LOAD build/drivers/src/n32g031_comp.o
LOAD build/drivers/src/n32g031_crc.o
LOAD build/drivers/src/n32g031_dbg.o
LOAD build/drivers/src/n32g031_dma.o
LOAD build/drivers/src/n32g031_exti.o
LOAD build/drivers/src/n32g031_flash.o
LOAD build/drivers/src/n32g031_gpio.o
LOAD build/drivers/src/n32g031_hdiv.o
LOAD build/drivers/src/n32g031_i2c.o
LOAD build/drivers/src/n32g031_iwdg.o
LOAD build/drivers/src/n32g031_lptim.o
LOAD build/drivers/src/n32g031_lpuart.o
LOAD build/drivers/src/n32g031_opamp.o
LOAD build/drivers/src/n32g031_pwr.o
LOAD build/drivers/src/n32g031_rcc.o
LOAD build/drivers/src/n32g031_rtc.o
LOAD build/drivers/src/n32g031_spi.o
LOAD build/drivers/src/n32g031_sqrt.o
LOAD build/drivers/src/n32g031_tim.o
LOAD build/drivers/src/n32g031_usart.o
LOAD build/drivers/src/n32g031_wwdg.o
LOAD build/startup/startup_n32g031_gcc.o
START GROUP
LOAD C:/Users/acer/AppData/Local/UnityMbed/tools/arm-none-eabi/bin/../lib/gcc/arm-none-eabi/14.2.1/thumb/v6-m/nofp\libgcc.a
LOAD C:/Users/acer/AppData/Local/UnityMbed/tools/arm-none-eabi/bin/../lib/gcc/arm-none-eabi/14.2.1/../../../../arm-none-eabi/lib/thumb/v6-m/nofp\libc.a
END GROUP
START GROUP
LOAD C:/Users/acer/AppData/Local/UnityMbed/tools/arm-none-eabi/bin/../lib/gcc/arm-none-eabi/14.2.1/thumb/v6-m/nofp\libgcc.a
LOAD C:/Users/acer/AppData/Local/UnityMbed/tools/arm-none-eabi/bin/../lib/gcc/arm-none-eabi/14.2.1/../../../../arm-none-eabi/lib/thumb/v6-m/nofp\libc.a
LOAD C:/Users/acer/AppData/Local/UnityMbed/tools/arm-none-eabi/bin/../lib/gcc/arm-none-eabi/14.2.1/../../../../arm-none-eabi/lib/thumb/v6-m/nofp\libnosys.a
END GROUP
LOAD C:/Users/acer/AppData/Local/UnityMbed/tools/arm-none-eabi/bin/../lib/gcc/arm-none-eabi/14.2.1/thumb/v6-m/nofp/crtend.o
LOAD C:/Users/acer/AppData/Local/UnityMbed/tools/arm-none-eabi/bin/../lib/gcc/arm-none-eabi/14.2.1/thumb/v6-m/nofp/crtn.o
                0x20002000                        _estack = 0x20002000
                0x00000200                        _Min_Heap_Size = 0x200
                0x00000400                        _Min_Stack_Size = 0x400

.isr_vector     0x08000000       0xc0
                0x08000000                        . = ALIGN (0x4)
 *(.isr_vector)
 .isr_vector    0x08000000       0xc0 build/startup/startup_n32g031_gcc.o
                0x08000000                g_pfnVectors
                0x080000c0                        . = ALIGN (0x4)

.text           0x080000c0      0x470
                0x080000c0                        . = ALIGN (0x4)
 *(.text)
 *(.text*)
 .text.__do_global_dtors_aux
                0x080000c0       0x28 C:/Users/acer/AppData/Local/UnityMbed/tools/arm-none-eabi/bin/../lib/gcc/arm-none-eabi/14.2.1/thumb/v6-m/nofp/crtbegin.o
 .text.frame_dummy
                0x080000e8       0x20 C:/Users/acer/AppData/Local/UnityMbed/tools/arm-none-eabi/bin/../lib/gcc/arm-none-eabi/14.2.1/thumb/v6-m/nofp/crtbegin.o
 .text.gpio_init
                0x08000108       0x40 build/src/main.o
 .text.main     0x08000148       0x28 build/src/main.o
                0x08000148                main
 .text.NMI_Handler
                0x08000170        0xa build/src/n32g031_it.o
                0x08000170                NMI_Handler
 .text.HardFault_Handler
                0x0800017a        0x8 build/src/n32g031_it.o
                0x0800017a                HardFault_Handler
 .text.SVC_Handler
                0x08000182        0xa build/src/n32g031_it.o
                0x08000182                SVC_Handler
 .text.PendSV_Handler
                0x0800018c        0xa build/src/n32g031_it.o
                0x0800018c                PendSV_Handler
 .text.SysTick_Handler
                0x08000196        0xa build/src/n32g031_it.o
                0x08000196                SysTick_Handler
 .text.SystemInit
                0x080001a0       0x80 build/src/system_n32g031.o
                0x080001a0                SystemInit
 .text.SetSysClock
                0x08000220      0x124 build/src/system_n32g031.o
 .text.delay_ms
                0x08000344       0x38 build/src/utils.o
                0x08000344                delay_ms
 .text.Reset_Handler
                0x0800037c       0x50 build/startup/startup_n32g031_gcc.o
                0x0800037c                Reset_Handler
 .text.Default_Handler
                0x080003cc        0x2 build/startup/startup_n32g031_gcc.o
                0x080003cc                TIM8_CC_IRQHandler
                0x080003cc                TIM1_CC_IRQHandler
                0x080003cc                PVD_IRQHandler
                0x080003cc                I2C1_IRQHandler
                0x080003cc                RAMC_PERR_IRQHandler
                0x080003cc                HDIV_SQRT_IRQHandler
                0x080003cc                SPI1_IRQHandler
                0x080003cc                DMA_Channel3_4_IRQHandler
                0x080003cc                EXTI2_3_IRQHandler
                0x080003cc                I2C2_IRQHandler
                0x080003cc                USART1_2_IRQHandler
                0x080003cc                RTC_IRQHandler
                0x080003cc                LPUART_IRQHandler
                0x080003cc                DMA_Channel5_IRQHandler
                0x080003cc                LPTIM_TIM6_IRQHandler
                0x080003cc                TIM3_IRQHandler
                0x080003cc                EXTI4_15_IRQHandler
                0x080003cc                RCC_IRQHandler
                0x080003cc                Default_Handler
                0x080003cc                RESERVE9_IRQHandler
                0x080003cc                ADC_IRQHandler
                0x080003cc                EXTI0_1_IRQHandler
                0x080003cc                MMU_IRQHandler
                0x080003cc                SPI2_IRQHandler
                0x080003cc                DMA_Channel1_2_IRQHandler
                0x080003cc                COMP_IRQHandler
                0x080003cc                WWDG_IRQHandler
                0x080003cc                DMA_Channel1_2_3_4_IRQHandler
                0x080003cc                USART2_IRQHandler
                0x080003cc                FLASH_IRQHandler
                0x080003cc                USART1_IRQHandler
                0x080003cc                TIM1_BRK_UP_TRG_COM_IRQHandler
                0x080003cc                TIM8_BRK_UP_TRG_COM_IRQHandler
 *fill*         0x080003ce        0x2 
 .text.atexit   0x080003d0       0x10 C:/Users/acer/AppData/Local/UnityMbed/tools/arm-none-eabi/bin/../lib/gcc/arm-none-eabi/14.2.1/../../../../arm-none-eabi/lib/thumb/v6-m/nofp\libc.a(libc_a-atexit.o)
                0x080003d0                atexit
 .text.__libc_init_array
                0x080003e0       0x48 C:/Users/acer/AppData/Local/UnityMbed/tools/arm-none-eabi/bin/../lib/gcc/arm-none-eabi/14.2.1/../../../../arm-none-eabi/lib/thumb/v6-m/nofp\libc.a(libc_a-init.o)
                0x080003e0                __libc_init_array
 .text.__libc_fini_array
                0x08000428       0x28 C:/Users/acer/AppData/Local/UnityMbed/tools/arm-none-eabi/bin/../lib/gcc/arm-none-eabi/14.2.1/../../../../arm-none-eabi/lib/thumb/v6-m/nofp\libc.a(libc_a-fini.o)
                0x08000428                __libc_fini_array
 .text.__retarget_lock_acquire_recursive
                0x08000450        0x4 C:/Users/acer/AppData/Local/UnityMbed/tools/arm-none-eabi/bin/../lib/gcc/arm-none-eabi/14.2.1/../../../../arm-none-eabi/lib/thumb/v6-m/nofp\libc.a(libc_a-lock.o)
                0x08000450                __retarget_lock_acquire_recursive
 .text.__retarget_lock_release_recursive
                0x08000454        0x4 C:/Users/acer/AppData/Local/UnityMbed/tools/arm-none-eabi/bin/../lib/gcc/arm-none-eabi/14.2.1/../../../../arm-none-eabi/lib/thumb/v6-m/nofp\libc.a(libc_a-lock.o)
                0x08000454                __retarget_lock_release_recursive
 .text.__register_exitproc
                0x08000458       0xa8 C:/Users/acer/AppData/Local/UnityMbed/tools/arm-none-eabi/bin/../lib/gcc/arm-none-eabi/14.2.1/../../../../arm-none-eabi/lib/thumb/v6-m/nofp\libc.a(libc_a-__atexit.o)
                0x08000458                __register_exitproc
 .text.startup.register_fini
                0x08000500       0x18 C:/Users/acer/AppData/Local/UnityMbed/tools/arm-none-eabi/bin/../lib/gcc/arm-none-eabi/14.2.1/../../../../arm-none-eabi/lib/thumb/v6-m/nofp\libc.a(libc_a-__call_atexit.o)
 *(.glue_7)
 .glue_7        0x08000518        0x0 linker stubs
 *(.glue_7t)
 .glue_7t       0x08000518        0x0 linker stubs
 *(.eh_frame)
 .eh_frame      0x08000518        0x0 C:/Users/acer/AppData/Local/UnityMbed/tools/arm-none-eabi/bin/../lib/gcc/arm-none-eabi/14.2.1/thumb/v6-m/nofp/crtbegin.o
 *(.init)
 .init          0x08000518        0x4 C:/Users/acer/AppData/Local/UnityMbed/tools/arm-none-eabi/bin/../lib/gcc/arm-none-eabi/14.2.1/thumb/v6-m/nofp/crti.o
                0x08000518                _init
 .init          0x0800051c        0x8 C:/Users/acer/AppData/Local/UnityMbed/tools/arm-none-eabi/bin/../lib/gcc/arm-none-eabi/14.2.1/thumb/v6-m/nofp/crtn.o
 *(.fini)
 .fini          0x08000524        0x4 C:/Users/acer/AppData/Local/UnityMbed/tools/arm-none-eabi/bin/../lib/gcc/arm-none-eabi/14.2.1/thumb/v6-m/nofp/crti.o
                0x08000524                _fini
 .fini          0x08000528        0x8 C:/Users/acer/AppData/Local/UnityMbed/tools/arm-none-eabi/bin/../lib/gcc/arm-none-eabi/14.2.1/thumb/v6-m/nofp/crtn.o
                0x08000530                        . = ALIGN (0x4)
                0x08000530                        _etext = .

.vfp11_veneer   0x08000530        0x0
 .vfp11_veneer  0x08000530        0x0 linker stubs

.v4_bx          0x08000530        0x0
 .v4_bx         0x08000530        0x0 linker stubs

.iplt           0x08000530        0x0
 .iplt          0x08000530        0x0 C:/Users/acer/AppData/Local/UnityMbed/tools/arm-none-eabi/bin/../lib/gcc/arm-none-eabi/14.2.1/thumb/v6-m/nofp/crtbegin.o

.rel.dyn        0x08000530        0x0
 .rel.iplt      0x08000530        0x0 C:/Users/acer/AppData/Local/UnityMbed/tools/arm-none-eabi/bin/../lib/gcc/arm-none-eabi/14.2.1/thumb/v6-m/nofp/crtbegin.o

.rodata         0x08000530        0x0
                0x08000530                        . = ALIGN (0x4)
 *(.rodata)
 *(.rodata*)
                0x08000530                        . = ALIGN (0x4)

.ARM.extab
 *(.ARM.extab* .gnu.linkonce.armextab.*)

.ARM            0x08000530        0x0
                0x08000530                        __exidx_start = .
 *(.ARM.exidx*)
                0x08000530                        __exidx_end = .

.preinit_array  0x08000530        0x0
                0x08000530                        PROVIDE (__preinit_array_start = .)
 *(.preinit_array*)
                0x08000530                        PROVIDE (__preinit_array_end = .)

.init_array     0x08000530        0x8
                0x08000530                        PROVIDE (__init_array_start = .)
 *(SORT_BY_NAME(.init_array.*))
 .init_array.00000
                0x08000530        0x4 C:/Users/acer/AppData/Local/UnityMbed/tools/arm-none-eabi/bin/../lib/gcc/arm-none-eabi/14.2.1/../../../../arm-none-eabi/lib/thumb/v6-m/nofp\libc.a(libc_a-__call_atexit.o)
 *(.init_array*)
 .init_array    0x08000534        0x4 C:/Users/acer/AppData/Local/UnityMbed/tools/arm-none-eabi/bin/../lib/gcc/arm-none-eabi/14.2.1/thumb/v6-m/nofp/crtbegin.o
                0x08000538                        PROVIDE (__init_array_end = .)

.fini_array     0x08000538        0x4
                0x08000538                        PROVIDE (__fini_array_start = .)
 *(SORT_BY_NAME(.fini_array.*))
 *(.fini_array*)
 .fini_array    0x08000538        0x4 C:/Users/acer/AppData/Local/UnityMbed/tools/arm-none-eabi/bin/../lib/gcc/arm-none-eabi/14.2.1/thumb/v6-m/nofp/crtbegin.o
                0x0800053c                        PROVIDE (__fini_array_end = .)
                0x0800053c                        _sidata = LOADADDR (.data)

.data           0x20000000        0x4 load address 0x0800053c
                0x20000000                        . = ALIGN (0x4)
                0x20000000                        _sdata = .
 *(.data)
 *(.data*)
 .data.__atexit_recursive_mutex
                0x20000000        0x4 C:/Users/acer/AppData/Local/UnityMbed/tools/arm-none-eabi/bin/../lib/gcc/arm-none-eabi/14.2.1/../../../../arm-none-eabi/lib/thumb/v6-m/nofp\libc.a(libc_a-__call_atexit.o)
                0x20000000                __atexit_recursive_mutex
                0x20000004                        . = ALIGN (0x4)
                0x20000004                        _edata = .

.igot.plt       0x20000004        0x0 load address 0x08000540
 .igot.plt      0x20000004        0x0 C:/Users/acer/AppData/Local/UnityMbed/tools/arm-none-eabi/bin/../lib/gcc/arm-none-eabi/14.2.1/thumb/v6-m/nofp/crtbegin.o
                0x20000004                        . = ALIGN (0x4)

.bss            0x20000004      0x1b4 load address 0x08000540
                0x20000004                        _sbss = .
                0x20000004                        __bss_start__ = _sbss
 *(.bss)
 *(.bss*)
 .bss.completed.1
                0x20000004        0x1 C:/Users/acer/AppData/Local/UnityMbed/tools/arm-none-eabi/bin/../lib/gcc/arm-none-eabi/14.2.1/thumb/v6-m/nofp/crtbegin.o
 *fill*         0x20000005        0x3 
 .bss.object.0  0x20000008       0x18 C:/Users/acer/AppData/Local/UnityMbed/tools/arm-none-eabi/bin/../lib/gcc/arm-none-eabi/14.2.1/thumb/v6-m/nofp/crtbegin.o
 .bss.__lock___atexit_recursive_mutex
                0x20000020        0x1 C:/Users/acer/AppData/Local/UnityMbed/tools/arm-none-eabi/bin/../lib/gcc/arm-none-eabi/14.2.1/../../../../arm-none-eabi/lib/thumb/v6-m/nofp\libc.a(libc_a-lock.o)
                0x20000020                __lock___atexit_recursive_mutex
 *fill*         0x20000021        0x3 
 .bss.__atexit0
                0x20000024      0x190 C:/Users/acer/AppData/Local/UnityMbed/tools/arm-none-eabi/bin/../lib/gcc/arm-none-eabi/14.2.1/../../../../arm-none-eabi/lib/thumb/v6-m/nofp\libc.a(libc_a-__atexit.o)
                0x20000024                __atexit0
 .bss.__atexit  0x200001b4        0x4 C:/Users/acer/AppData/Local/UnityMbed/tools/arm-none-eabi/bin/../lib/gcc/arm-none-eabi/14.2.1/../../../../arm-none-eabi/lib/thumb/v6-m/nofp\libc.a(libc_a-__call_atexit.o)
                0x200001b4                __atexit
 *(COMMON)
                0x200001b8                        . = ALIGN (0x4)
                0x200001b8                        _ebss = .
                0x200001b8                        __bss_end__ = _ebss

._user_heap_stack
                0x200001b8      0x600 load address 0x08000540
                0x200001b8                        . = ALIGN (0x8)
                0x200001b8                        PROVIDE (end = .)
                [!provide]                        PROVIDE (_end = .)
                0x200003b8                        . = (. + _Min_Heap_Size)
 *fill*         0x200001b8      0x200 
                0x200007b8                        . = (. + _Min_Stack_Size)
 *fill*         0x200003b8      0x400 
                0x200007b8                        . = ALIGN (0x8)

/DISCARD/
 libc.a(*)
 libm.a(*)
 libgcc.a(*)

.ARM.attributes
                0x00000000       0x28
 *(.ARM.attributes)
 .ARM.attributes
                0x00000000       0x1e C:/Users/acer/AppData/Local/UnityMbed/tools/arm-none-eabi/bin/../lib/gcc/arm-none-eabi/14.2.1/thumb/v6-m/nofp/crti.o
 .ARM.attributes
                0x0000001e       0x2c C:/Users/acer/AppData/Local/UnityMbed/tools/arm-none-eabi/bin/../lib/gcc/arm-none-eabi/14.2.1/thumb/v6-m/nofp/crtbegin.o
 .ARM.attributes
                0x0000004a       0x2c build/src/main.o
 .ARM.attributes
                0x00000076       0x2c build/src/n32g031_it.o
 .ARM.attributes
                0x000000a2       0x2c build/src/system_n32g031.o
 .ARM.attributes
                0x000000ce       0x2c build/src/utils.o
 .ARM.attributes
                0x000000fa       0x21 build/startup/startup_n32g031_gcc.o
 .ARM.attributes
                0x0000011b       0x2c C:/Users/acer/AppData/Local/UnityMbed/tools/arm-none-eabi/bin/../lib/gcc/arm-none-eabi/14.2.1/../../../../arm-none-eabi/lib/thumb/v6-m/nofp\libc.a(libc_a-atexit.o)
 .ARM.attributes
                0x00000147       0x2c C:/Users/acer/AppData/Local/UnityMbed/tools/arm-none-eabi/bin/../lib/gcc/arm-none-eabi/14.2.1/../../../../arm-none-eabi/lib/thumb/v6-m/nofp\libc.a(libc_a-init.o)
 .ARM.attributes
                0x00000173       0x2c C:/Users/acer/AppData/Local/UnityMbed/tools/arm-none-eabi/bin/../lib/gcc/arm-none-eabi/14.2.1/../../../../arm-none-eabi/lib/thumb/v6-m/nofp\libc.a(libc_a-fini.o)
 .ARM.attributes
                0x0000019f       0x2c C:/Users/acer/AppData/Local/UnityMbed/tools/arm-none-eabi/bin/../lib/gcc/arm-none-eabi/14.2.1/../../../../arm-none-eabi/lib/thumb/v6-m/nofp\libc.a(libc_a-lock.o)
 .ARM.attributes
                0x000001cb       0x2c C:/Users/acer/AppData/Local/UnityMbed/tools/arm-none-eabi/bin/../lib/gcc/arm-none-eabi/14.2.1/../../../../arm-none-eabi/lib/thumb/v6-m/nofp\libc.a(libc_a-__atexit.o)
 .ARM.attributes
                0x000001f7       0x2c C:/Users/acer/AppData/Local/UnityMbed/tools/arm-none-eabi/bin/../lib/gcc/arm-none-eabi/14.2.1/../../../../arm-none-eabi/lib/thumb/v6-m/nofp\libc.a(libc_a-__call_atexit.o)
 .ARM.attributes
                0x00000223       0x1e C:/Users/acer/AppData/Local/UnityMbed/tools/arm-none-eabi/bin/../lib/gcc/arm-none-eabi/14.2.1/thumb/v6-m/nofp/crtn.o
OUTPUT(build/My_Project.elf elf32-littlearm)
LOAD linker stubs
LOAD C:/Users/acer/AppData/Local/UnityMbed/tools/arm-none-eabi/bin/../lib/gcc/arm-none-eabi/14.2.1/../../../../arm-none-eabi/lib/thumb/v6-m/nofp\libc.a
LOAD C:/Users/acer/AppData/Local/UnityMbed/tools/arm-none-eabi/bin/../lib/gcc/arm-none-eabi/14.2.1/../../../../arm-none-eabi/lib/thumb/v6-m/nofp\libm.a
LOAD C:/Users/acer/AppData/Local/UnityMbed/tools/arm-none-eabi/bin/../lib/gcc/arm-none-eabi/14.2.1/thumb/v6-m/nofp\libgcc.a

.comment        0x00000000       0x39
 .comment       0x00000000       0x39 C:/Users/acer/AppData/Local/UnityMbed/tools/arm-none-eabi/bin/../lib/gcc/arm-none-eabi/14.2.1/thumb/v6-m/nofp/crtbegin.o
                                 0x3a (size before relaxing)
 .comment       0x00000039       0x3a build/src/main.o
 .comment       0x00000039       0x3a build/src/n32g031_it.o
 .comment       0x00000039       0x3a build/src/system_n32g031.o
 .comment       0x00000039       0x3a build/src/utils.o
 .comment       0x00000039       0x3a C:/Users/acer/AppData/Local/UnityMbed/tools/arm-none-eabi/bin/../lib/gcc/arm-none-eabi/14.2.1/../../../../arm-none-eabi/lib/thumb/v6-m/nofp\libc.a(libc_a-atexit.o)
 .comment       0x00000039       0x3a C:/Users/acer/AppData/Local/UnityMbed/tools/arm-none-eabi/bin/../lib/gcc/arm-none-eabi/14.2.1/../../../../arm-none-eabi/lib/thumb/v6-m/nofp\libc.a(libc_a-init.o)
 .comment       0x00000039       0x3a C:/Users/acer/AppData/Local/UnityMbed/tools/arm-none-eabi/bin/../lib/gcc/arm-none-eabi/14.2.1/../../../../arm-none-eabi/lib/thumb/v6-m/nofp\libc.a(libc_a-fini.o)
 .comment       0x00000039       0x3a C:/Users/acer/AppData/Local/UnityMbed/tools/arm-none-eabi/bin/../lib/gcc/arm-none-eabi/14.2.1/../../../../arm-none-eabi/lib/thumb/v6-m/nofp\libc.a(libc_a-lock.o)
 .comment       0x00000039       0x3a C:/Users/acer/AppData/Local/UnityMbed/tools/arm-none-eabi/bin/../lib/gcc/arm-none-eabi/14.2.1/../../../../arm-none-eabi/lib/thumb/v6-m/nofp\libc.a(libc_a-__atexit.o)
 .comment       0x00000039       0x3a C:/Users/acer/AppData/Local/UnityMbed/tools/arm-none-eabi/bin/../lib/gcc/arm-none-eabi/14.2.1/../../../../arm-none-eabi/lib/thumb/v6-m/nofp\libc.a(libc_a-__call_atexit.o)

.debug_info     0x00000000      0x722
 .debug_info    0x00000000      0x21d build/src/main.o
 .debug_info    0x0000021d       0xd4 build/src/n32g031_it.o
 .debug_info    0x000002f1      0x31a build/src/system_n32g031.o
 .debug_info    0x0000060b       0xe7 build/src/utils.o
 .debug_info    0x000006f2       0x30 build/startup/startup_n32g031_gcc.o

.debug_abbrev   0x00000000      0x352
 .debug_abbrev  0x00000000       0xd6 build/src/main.o
 .debug_abbrev  0x000000d6       0x45 build/src/n32g031_it.o
 .debug_abbrev  0x0000011b      0x16b build/src/system_n32g031.o
 .debug_abbrev  0x00000286       0xa8 build/src/utils.o
 .debug_abbrev  0x0000032e       0x24 build/startup/startup_n32g031_gcc.o

.debug_aranges  0x00000000       0xe8
 .debug_aranges
                0x00000000       0x28 build/src/main.o
 .debug_aranges
                0x00000028       0x48 build/src/n32g031_it.o
 .debug_aranges
                0x00000070       0x30 build/src/system_n32g031.o
 .debug_aranges
                0x000000a0       0x20 build/src/utils.o
 .debug_aranges
                0x000000c0       0x28 build/startup/startup_n32g031_gcc.o

.debug_rnglists
                0x00000000       0x98
 .debug_rnglists
                0x00000000       0x19 build/src/main.o
 .debug_rnglists
                0x00000019       0x31 build/src/n32g031_it.o
 .debug_rnglists
                0x0000004a       0x22 build/src/system_n32g031.o
 .debug_rnglists
                0x0000006c       0x13 build/src/utils.o
 .debug_rnglists
                0x0000007f       0x19 build/startup/startup_n32g031_gcc.o

.debug_line     0x00000000      0x6c6
 .debug_line    0x00000000      0x171 build/src/main.o
 .debug_line    0x00000171       0xa3 build/src/n32g031_it.o
 .debug_line    0x00000214      0x2e5 build/src/system_n32g031.o
 .debug_line    0x000004f9      0x152 build/src/utils.o
 .debug_line    0x0000064b       0x7b build/startup/startup_n32g031_gcc.o

.debug_str      0x00000000      0x34d
 .debug_str     0x00000000      0x34d build/src/main.o
                                0x1f2 (size before relaxing)
 .debug_str     0x0000034d      0x18f build/src/n32g031_it.o
 .debug_str     0x0000034d      0x29e build/src/system_n32g031.o
 .debug_str     0x0000034d      0x154 build/src/utils.o
 .debug_str     0x0000034d       0x59 build/startup/startup_n32g031_gcc.o

.debug_frame    0x00000000      0x19c
 .debug_frame   0x00000000       0x48 build/src/main.o
 .debug_frame   0x00000048       0xb8 build/src/n32g031_it.o
 .debug_frame   0x00000100       0x6c build/src/system_n32g031.o
 .debug_frame   0x0000016c       0x30 build/src/utils.o

.debug_line_str
                0x00000000       0x3d
 .debug_line_str
                0x00000000       0x3d build/startup/startup_n32g031_gcc.o
